// Vitest Snapshot v1, https://vitest.dev/guide/snapshot.html

exports[`public API 导出快照 > 主入口运行时导出集合稳定 1`] = `
[
  "BMAP_ANCHOR_BOTTOM_CENTER",
  "BMAP_ANCHOR_BOTTOM_LEFT",
  "BMAP_ANCHOR_BOTTOM_RIGHT",
  "BMAP_ANCHOR_CENTER",
  "BMAP_ANCHOR_LEFT_CENTER",
  "BMAP_ANCHOR_MIDDLE_LEFT",
  "BMAP_ANCHOR_MIDDLE_RIGHT",
  "BMAP_ANCHOR_RIGHT_CENTER",
  "BMAP_ANCHOR_TOP_CENTER",
  "BMAP_ANCHOR_TOP_LEFT",
  "BMAP_ANCHOR_TOP_RIGHT",
  "BMAP_ANIMATION_BOUNCE",
  "BMAP_ANIMATION_DROP",
  "BMAP_CONTEXT_MENU_ICON_ZOOMIN",
  "BMAP_CONTEXT_MENU_ICON_ZOOMOUT",
  "BMAP_COORD_BD09",
  "BMAP_COORD_EPSG3857",
  "BMAP_COORD_GCJ02",
  "BMAP_COORD_GCJ02MERCATOR",
  "BMAP_COORD_MERCATOR",
  "BMAP_COORD_WGS84",
  "BMAP_DRIVING_POLICY_AVOID_CONGESTION",
  "BMAP_DRIVING_POLICY_AVOID_CONGESTION_PAY",
  "BMAP_DRIVING_POLICY_AVOID_HIGHWAYS",
  "BMAP_DRIVING_POLICY_AVOID_HIGHWAYS_CONGESTION",
  "BMAP_DRIVING_POLICY_AVOID_HIGHWAYS_CONGESTION_PAY",
  "BMAP_DRIVING_POLICY_AVOID_HIGHWAYS_PAY",
  "BMAP_DRIVING_POLICY_AVOID_PAY",
  "BMAP_DRIVING_POLICY_DEFAULT",
  "BMAP_DRIVING_POLICY_DESTANCE",
  "BMAP_DRIVING_POLICY_DISTANCE_PRIORITY",
  "BMAP_DRIVING_POLICY_FIRST_HIGHWAYS",
  "BMAP_DRIVING_POLICY_HIGHWAYS_AVOID_CONGESTION",
  "BMAP_DRIVING_POLICY_TIME_PRIORITY",
  "BMAP_EARTH_MAP",
  "BMAP_HIGHLIGHT_ROUTE",
  "BMAP_HIGHLIGHT_STEP",
  "BMAP_HYBRID_MAP",
  "BMAP_INTERCITY_POLICY_CHEAP_PRICE",
  "BMAP_INTERCITY_POLICY_EARLY_START",
  "BMAP_INTERCITY_POLICY_LEAST_TIME",
  "BMAP_LANGUAGE_DE",
  "BMAP_LANGUAGE_EN",
  "BMAP_LANGUAGE_ES",
  "BMAP_LANGUAGE_FR",
  "BMAP_LANGUAGE_ID",
  "BMAP_LANGUAGE_IT",
  "BMAP_LANGUAGE_JA",
  "BMAP_LANGUAGE_KO",
  "BMAP_LANGUAGE_MS",
  "BMAP_LANGUAGE_PT",
  "BMAP_LANGUAGE_RU",
  "BMAP_LANGUAGE_TH",
  "BMAP_LANGUAGE_TR",
  "BMAP_LANGUAGE_VI",
  "BMAP_LANGUAGE_ZH",
  "BMAP_LANGUAGE_ZH_TW",
  "BMAP_LANG_CN",
  "BMAP_LANG_EN",
  "BMAP_LINE_TYPE_AIRPLANE",
  "BMAP_LINE_TYPE_BUS",
  "BMAP_LINE_TYPE_COACH",
  "BMAP_LINE_TYPE_FERRY",
  "BMAP_LINE_TYPE_SUBWAY",
  "BMAP_LINE_TYPE_TRAIN",
  "BMAP_MAPTYPE_CONTROL_DROPDOWN",
  "BMAP_MAPTYPE_CONTROL_HORIZONTAL",
  "BMAP_MAPTYPE_CONTROL_MAP",
  "BMAP_MODE_DRIVING",
  "BMAP_MODE_NAVIGATION",
  "BMAP_MODE_TRANSIT",
  "BMAP_MODE_WALKING",
  "BMAP_NAVIGATION_CONTROL_LARGE",
  "BMAP_NAVIGATION_CONTROL_PAN",
  "BMAP_NAVIGATION_CONTROL_SMALL",
  "BMAP_NAVIGATION_CONTROL_ZOOM",
  "BMAP_NORMAL_MAP",
  "BMAP_PERSPECTIVE_MAP",
  "BMAP_POINT_DENSITY_HIGH",
  "BMAP_POINT_DENSITY_LOW",
  "BMAP_POINT_DENSITY_MEDIUM",
  "BMAP_POINT_SHAPE_CIRCLE",
  "BMAP_POINT_SHAPE_RHOMBUS",
  "BMAP_POINT_SHAPE_SQUARE",
  "BMAP_POINT_SHAPE_STAR",
  "BMAP_POINT_SHAPE_WATERDROP",
  "BMAP_POINT_SIZE_BIG",
  "BMAP_POINT_SIZE_BIGGER",
  "BMAP_POINT_SIZE_HUGE",
  "BMAP_POINT_SIZE_NORMAL",
  "BMAP_POINT_SIZE_SMALL",
  "BMAP_POINT_SIZE_SMALLER",
  "BMAP_POINT_SIZE_TINY",
  "BMAP_POI_TYPE_BUSLINE",
  "BMAP_POI_TYPE_BUSSTOP",
  "BMAP_POI_TYPE_NORMAL",
  "BMAP_POI_TYPE_SUBLINE",
  "BMAP_POI_TYPE_SUBSTOP",
  "BMAP_ROUTE_STATUS_ADDRESS",
  "BMAP_ROUTE_STATUS_EMPTY",
  "BMAP_ROUTE_STATUS_NORMAL",
  "BMAP_ROUTE_TYPE_DRIVING",
  "BMAP_ROUTE_TYPE_RIDING",
  "BMAP_ROUTE_TYPE_WALKING",
  "BMAP_SATELLITE_MAP",
  "BMAP_SHAPE_CIRCLE",
  "BMAP_SHAPE_RECT",
  "BMAP_SHAPE_RECTANGLE",
  "BMAP_STATUS_CITY_LIST",
  "BMAP_STATUS_INVALID_KEY",
  "BMAP_STATUS_INVALID_REQUEST",
  "BMAP_STATUS_PERMISSION_DENIED",
  "BMAP_STATUS_SERVICE_UNAVAILABLE",
  "BMAP_STATUS_SUCCESS",
  "BMAP_STATUS_TIMEOUT",
  "BMAP_STATUS_UNKNOWN_LOCATION",
  "BMAP_STATUS_UNKNOWN_ROUTE",
  "BMAP_TRAFFICE_STATUS_JAM",
  "BMAP_TRAFFICE_STATUS_NONE",
  "BMAP_TRAFFICE_STATUS_NORMAL",
  "BMAP_TRAFFICE_STATUS_SLOW",
  "BMAP_TRANSIT_PLAN_TYPE_LINE",
  "BMAP_TRANSIT_PLAN_TYPE_ROUTE",
  "BMAP_TRANSIT_POLICY_AVOID_SUBWAYS",
  "BMAP_TRANSIT_POLICY_FIRST_SUBWAYS",
  "BMAP_TRANSIT_POLICY_LEAST_TIME",
  "BMAP_TRANSIT_POLICY_LEAST_TRANSFER",
  "BMAP_TRANSIT_POLICY_LEAST_WALKING",
  "BMAP_TRANSIT_POLICY_RECOMMEND",
  "BMAP_TRANSIT_TYPE_CROSS_CITY",
  "BMAP_TRANSIT_TYPE_IN_CITY",
  "BMAP_TRANSIT_TYPE_POLICY_AIRPLANE",
  "BMAP_TRANSIT_TYPE_POLICY_COACH",
  "BMAP_TRANSIT_TYPE_POLICY_TRAIN",
  "BMAP_UNIT_IMPERIAL",
  "BMAP_UNIT_METRIC",
  "BMapErrorBoundary",
  "BMapProvider",
  "BMap_Symbol_SHAPE_BACKWARD_CLOSED_ARROW",
  "BMap_Symbol_SHAPE_BACKWARD_OPEN_ARROW",
  "BMap_Symbol_SHAPE_CAMERA",
  "BMap_Symbol_SHAPE_CIRCLE",
  "BMap_Symbol_SHAPE_CLOCK",
  "BMap_Symbol_SHAPE_FORWARD_CLOSED_ARROW",
  "BMap_Symbol_SHAPE_FORWARD_OPEN_ARROW",
  "BMap_Symbol_SHAPE_PLANE",
  "BMap_Symbol_SHAPE_POINT",
  "BMap_Symbol_SHAPE_RECTANGLE",
  "BMap_Symbol_SHAPE_RHOMBUS",
  "BMap_Symbol_SHAPE_SMILE",
  "BMap_Symbol_SHAPE_STAR",
  "BMap_Symbol_SHAPE_WARNING",
  "BaiduLayer",
  "BezierCurve",
  "CAPABILITY_MATRIX",
  "CanvasLayer",
  "Circle",
  "CityListControl",
  "ContextMenu",
  "CopyrightControl",
  "CustomLayer",
  "CustomOverlay",
  "DOMLayer",
  "DistrictLayer",
  "FeatureLayer",
  "FillLayer",
  "GeoJSONLayer",
  "GeolocationControl",
  "GroundOverlay",
  "GroundPoint",
  "Hotspot",
  "Icon",
  "IconSequence",
  "InfoWindow",
  "Label",
  "LineLayer",
  "LocationControl",
  "LogoControl",
  "MVTLayer",
  "Map",
  "MapMask",
  "MapTypeControl",
  "Marker",
  "Marker3D",
  "MenuItem",
  "NavigationControl",
  "NavigationControl3D",
  "NormalLayer",
  "OverviewMapControl",
  "Panorama",
  "PanoramaControl",
  "PanoramaCoverageLayer",
  "PanoramaLabel",
  "PixelLayer",
  "PlaceDetail",
  "PlaceDetailPanel",
  "PointCollection",
  "PointIconLayer",
  "PointShapeLayer",
  "Polygon",
  "Polyline",
  "Prism",
  "RasterTileLayer",
  "Rectangle",
  "ScaleControl",
  "SimpleInfoWindow",
  "Symbol",
  "ThreeLayer",
  "TileLayer",
  "TrafficLayer",
  "UnsupportedCapabilityError",
  "WMSLayer",
  "WMTSLayer",
  "XYZLayer",
  "ZoomControl",
  "createDriver",
  "getSdkConstant",
  "tryOp",
  "useAutocomplete",
  "useBMapContext",
  "useBoundary",
  "useBusLineSearch",
  "useCapabilities",
  "useConvertor",
  "useDriver",
  "useDrivingRoute",
  "useGeocoder",
  "useGeolocation",
  "useIcon",
  "useLocalCity",
  "useLocalSearch",
  "useMap",
  "useMapContext",
  "useMapEvent",
  "useMapRef",
  "useMapStatus",
  "useOverlayTarget",
  "usePanoramaService",
  "usePlaceDetail",
  "useRidingRoute",
  "useSymbol",
  "useTransitRoute",
  "useTruckRoute",
  "useWalkingRoute",
]
`;
